
> es-app@0.1.0 build
> next build

Γû▓ Next.js 16.2.1 (Turbopack)
- Environments: .env

node.exe : ΓÜá The "middleware" file 
convention is deprecated. Please use 
"proxy" instead. Learn more: https://nextj
s.org/docs/messages/middleware-to-proxy
At C:\Program Files\nodejs\npm.ps1:29 
char:3
+   & $NODE_EXE $NPM_CLI_JS $args
+   ~~~~~~~~~~~~~~~~~~~~~~~~~~~~~
    + CategoryInfo          : NotSpecifie 
   d: (ΓÜá The "middle...leware-to-proxy  
  :String) [], RemoteException
    + FullyQualifiedErrorId : NativeComma 
   ndError
 
  Creating an optimized production build ...
Γ£ô Compiled successfully in 3.8s
  Running TypeScript ...
  Finished TypeScript in 3.0s ...
  Collecting page data using 13 workers ...
  Generating static pages using 13 workers (0/10) ...
  Generating static pages using 13 workers (2/10) 
  Generating static pages using 13 workers (4/10) 
  Generating static pages using 13 workers (7/10) 
Γ£ô Generating static pages using 13 workers (10/10) in 5.0s
  Finalizing page optimization ...

Route (app)               Revalidate  Expire
Γöî Γùï /
Γö£ Γùï /_not-found
Γö£ Γùï /admin
Γö£ ╞Æ /admin/branding
Γö£ Γùï /admin/login
Γö£ ╞Æ /admin/logistics
Γö£ Γùï /design-system
Γö£ Γùï /services/accounting
Γö£ Γùï /services/branding            1m      1y
Γöö Γùï /services/logistics           1m      1y


╞Æ Proxy (Middleware)

Γùï  (Static)   prerendered as static content
╞Æ  (Dynamic)  server-rendered on demand

