
> es-app@0.1.0 build
> next build

Γû▓ Next.js 16.2.1 (Turbopack)
- Environments: .env

node.exe : ΓÜá The "middleware" file 
convention is deprecated. Please use 
"proxy" instead. Learn more: https://nextj
s.org/docs/messages/middleware-to-proxy
At C:\Program Files\nodejs\npm.ps1:29 
char:3
+   & $NODE_EXE $NPM_CLI_JS $args
+   ~~~~~~~~~~~~~~~~~~~~~~~~~~~~~
    + CategoryInfo          : NotSpecifie 
   d: (ΓÜá The "middle...leware-to-proxy  
  :String) [], RemoteException
    + FullyQualifiedErrorId : NativeComma 
   ndError
 
  Creating an optimized production build ...

> Build error occurred
Error: Turbopack build failed with 3 
errors:
./src/app/admin/logistics/page.tsx:2:1
Module not found: Can't resolve 
'./LogisticsTable'
  [90m1 |[0m [36mimport[0m { prisma } 
[36mfrom[0m [32m'@/lib/prisma'[0m;
[31m[1m>[0m [90m2 |[0m 
[36mimport[0m [33mLogisticsTable[0m 
[36mfrom[0m [32m'./LogisticsTable'[0m;
  [90m  |[0m [31m[1m^^^^^^^^^^^^^^^^^^
^^^^^^^^^^^^^^^^^^^^^^^^^^^^[0m
  [90m3 |[0m
  [90m4 |[0m [36mexport[0m 
[36mconst[0m revalidate = [35m0[0m;
  [90m5 |[0m



https://nextjs.org/docs/messages/module-no
t-found


./src/app/admin/branding/BrandingTable.tsx
:7:1
Export formatCurrency doesn't exist in 
target module
  [90m 5 |[0m [36mimport[0m { 
[33mTable[0m, [33mTableBody[0m, 
[33mTableCell[0m, [33mTableHead[0m, 
[33mTableHeader[0m, [33mTableRow[0m } 
[36mfrom[0m [32m'@/component...[0m
  [90m 6 |[0m [36mimport[0m { 
[33mButton[0m } [36mfrom[0m 
[32m'@/components/ui/button'[0m;
[31m[1m>[0m [90m 7 |[0m 
[36mimport[0m { formatCurrency } 
[36mfrom[0m [32m'@/lib/utils'[0m;
  [90m   |[0m [31m[1m^^^^^^^^^^^^^^^^^
^^^^^^^^^^^^^^^^^^^^^^^^^^^^[0m
  [90m 8 |[0m [36mimport[0m 
[36mtype[0m { [33mBrandingProduct[0m 
} [36mfrom[0m [32m'@prisma/client'[0m;
  [90m 9 |[0m [36mexport[0m 
[36mdefault[0m [36mfunction[0m 
[33mBrandingTable[0m(t0) {
  [90m10 |[0m   [36mconst[0m $ = 
_c([35m6[0m);

The export formatCurrency was not found 
in module [project]/src/lib/utils.ts 
[app-client] (ecmascript).
Did you mean to import cn?
All exports of the module are statically 
known (It doesn't have dynamic exports). 
So it's known statically that the 
requested export doesn't exist.

Import trace:
  Server Component:
    
./src/app/admin/branding/BrandingTable.tsx
    ./src/app/admin/branding/page.tsx


./src/app/admin/branding/BrandingTable.tsx
:13:1
Export formatCurrency doesn't exist in 
target module
  [90m11 |[0m } [36mfrom[0m 
[32m'@/components/ui/table'[0m;
  [90m12 |[0m [36mimport[0m { 
[33mButton[0m } [36mfrom[0m 
[32m'@/components/ui/button'[0m;
[31m[1m>[0m [90m13 |[0m 
[36mimport[0m { formatCurrency } 
[36mfrom[0m [32m'@/lib/utils'[0m;
  [90m   |[0m [31m[1m^^^^^^^^^^^^^^^^^
^^^^^^^^^^^^^^^^^^^^^^^^^^^^[0m
  [90m14 |[0m [36mimport[0m 
[36mtype[0m { [33mBrandingProduct[0m 
} [36mfrom[0m [32m'@prisma/client'[0m;
  [90m15 |[0m
  [90m16 |[0m [36mexport[0m 
[36mdefault[0m [36mfunction[0m 
[33mBrandingTable[0m({ initialProducts 
}: { initialProducts: 
[33mBrandingProd...[0m

The export formatCurrency was not found 
in module [project]/src/lib/utils.ts 
[app-ssr] (ecmascript).
Did you mean to import cn?
All exports of the module are statically 
known (It doesn't have dynamic exports). 
So it's known statically that the 
requested export doesn't exist.

Import trace:
  Server Component:
    
./src/app/admin/branding/BrandingTable.tsx
    ./src/app/admin/branding/page.tsx


    at <unknown> 
(./src/app/admin/logistics/page.tsx:2:1)
    at <unknown> (https://nextjs.org/docs/
messages/module-not-found)
    at <unknown> (./src/app/admin/branding
/BrandingTable.tsx:7:1)
    at <unknown> (./src/app/admin/branding
/BrandingTable.tsx:13:1)
